python : ImportError while loading conftest 
'C:\Users\HP\OneDrive\Desktop\apps\Something\backend\tests\conftest.py'.
At line:1 char:41
+ ... ate ; cd backend ; python -m pytest tests/ -v --tb=short 2>&1 | Tee-O ...
+                        ~~~~~~~~~~~~~~~~~~~~~~~~~~~~~~~~~~~~~~~~~~
    + CategoryInfo          : NotSpecified: (ImportError whi...s\conftest.py'.:String) [], Rem 
   oteException
    + FullyQualifiedErrorId : NativeCommandError
 
tests\conftest.py:8: in <module>
    from app.main import app
app\main.py:7: in <module>
    from app.api.router import router
app\api\router.py:3: in <module>
    from app.api.v1 import chunks, graph, health, repositories
app\api\v1\repositories.py:16: in <module>
    from app.services.github import CloneService, GitHubClient, RepositoryService
app\services\github\__init__.py:3: in <module>
    from app.services.github.repository_service import RepositoryService
app\services\github\repository_service.py:13: in <module>
    from app.services.indexing.file_scanner import FileScanner
app\services\indexing\__init__.py:3: in <module>
    from app.services.indexing.repository_indexer import RepositoryIndexer
app\services\indexing\repository_indexer.py:12: in <module>
    from app.services.indexing.symbol_extractor import SymbolExtractor
app\services\indexing\symbol_extractor.py:17: in <module>
    from app.services.parser.parser_manager import ParserManager
app\services\parser\__init__.py:8: in <module>
    from app.services.parser.parser_manager import ParserManager
app\services\parser\parser_manager.py:10: in <module>
    from app.services.parser.parser_factory import ParserFactory
app\services\parser\parser_factory.py:5: in <module>
    from app.services.parser.c_parser import CTreeSitterParser
app\services\parser\c_parser.py:11: in <module>
    from tree_sitter_c import language
E   ModuleNotFoundError: No module named 'tree_sitter_c'
